
==> Fetching the Hasura v2.50.1 test corpus

==> Starting the fixture database
WARNING: The requested image's platform (linux/amd64) does not match the detected host platform (linux/arm64/v8) and no specific platform was requested

==> Extracting cases from the corpus
468 cases in 61 groups (270 read, 198 write), 376 files
  skipped    7  needs add_collection_to_allowlist, create_query_collection
  skipped   13  needs add_inherited_role
  skipped    3  needs add_inherited_role, add_remote_schema
  skipped    2  needs add_inherited_role, create_action, set_custom_types
  skipped   72  needs add_remote_schema
  skipped    1  needs add_remote_schema, create_action, set_custom_types
  skipped    1  needs add_remote_schema, create_remote_relationship
  skipped    8  needs create_action, create_query_collection, set_custom_types
  skipped   45  needs create_action, set_custom_types
  skipped   26  no fixtures found

==> Reusing the recorded Hasura v2.50.1 responses

==> Replaying against Postrust (candidate)
NOTICE:  database "hge_conf" does not exist, skipping
NOTICE:  database "hge_conf_meta" does not exist, skipping
  [1/61] actions/introspection: 2 read, 0 write  (6s)
  [2/61] actions/introspection/function_return_type: 1 read, 0 write  (13s)
  [3/61] apollo_federation: 3 read, 0 write  (17s)
  [4/61] compression: 1 read, 0 write  (22s)
  [5/61] graphql_introspection: 4 read, 0 write  (27s)
  [6/61] graphql_introspection/custom_table_name: 1 read, 0 write  (32s)
  [7/61] graphql_introspection/descriptions: 5 read, 0 write  (38s)
  [8/61] graphql_introspection/disable_introspection: 3 read, 0 write  (42s)
  [9/61] graphql_introspection/nullable_object_relationship: 1 read, 0 write  (45s)
  [10/61] graphql_mutation/custom_schema: 0 read, 4 write  (51s)
  [11/61] graphql_mutation/custom_schema/custom_table_name: 0 read, 4 write  (60s)
  [12/61] graphql_mutation/delete/basic: 0 read, 4 write  (71s)
  [13/61] graphql_mutation/delete/constraints: 0 read, 1 write  (75s)
  [14/61] graphql_mutation/delete/permissions: 0 read, 9 write  (89s)
  [15/61] graphql_mutation/enums: 0 read, 6 write  (100s)
  [16/61] graphql_mutation/functions: 0 read, 12 write  (109s)
  [17/61] graphql_mutation/insert/basic: 0 read, 12 write  (127s)
  [18/61] graphql_mutation/insert/constraints: 0 read, 2 write  (133s)
  [19/61] graphql_mutation/insert/geojson: 0 read, 13 write  (149s)
  [20/61] graphql_mutation/insert/nested: 0 read, 16 write  (172s)
  [21/61] graphql_mutation/insert/nullprefixcolumn: 0 read, 1 write  (176s)
  [22/61] graphql_mutation/insert/onconflict: 0 read, 9 write  (187s)
  [23/61] graphql_mutation/insert/permissions: 0 read, 39 write  (233s)
  [24/61] graphql_mutation/insert/views: 0 read, 4 write  (240s)
  [25/61] graphql_mutation/transactions: 0 read, 6 write  (246s)
  [26/61] graphql_mutation/update/basic: 0 read, 7 write  (259s)
  [27/61] graphql_mutation/update/jsonb: 0 read, 7 write  (270s)
  [28/61] graphql_mutation/update/permissions: 0 read, 11 write  (282s)
  [29/61] graphql_query/agg_perm: 10 read, 0 write  (285s)
  [30/61] graphql_query/aggregations: 5 read, 0 write  (290s)
  [31/61] graphql_query/basic: 16 read, 0 write  (294s)
  [32/61] graphql_query/boolexp/basic: 26 read, 0 write  (298s)
  [33/61] graphql_query/boolexp/jsonb: 10 read, 0 write  (303s)
  [34/61] graphql_query/boolexp/ltree: 12 read, 0 write  (306s)
  [35/61] graphql_query/boolexp/postgis: 8 read, 0 write  (311s)
  [36/61] graphql_query/boolexp/raster: 5 read, 0 write  (314s)
  [37/61] graphql_query/boolexp/search: 11 read, 0 write  (317s)
  [38/61] graphql_query/caching: 4 read, 0 write  (323s)
  [39/61] graphql_query/computed_fields: 11 read, 0 write  (327s)
  [40/61] graphql_query/computed_fields_row_permission_bypass: 9 read, 0 write  (332s)
  [41/61] graphql_query/custom_schema: 2 read, 0 write  (336s)
  [42/61] graphql_query/custom_schema/custom_table_name: 1 read, 0 write  (341s)
  [43/61] graphql_query/enums: 10 read, 0 write  (345s)
  [44/61] graphql_query/functions/permissions: 4 read, 0 write  (349s)
  [45/61] graphql_query/limits: 5 read, 0 write  (353s)
  [46/61] graphql_query/offset: 4 read, 0 write  (357s)
  [47/61] graphql_query/order_by: 14 read, 0 write  (360s)
  [48/61] graphql_query/order_by_nulls: 7 read, 0 write  (364s)
  [49/61] graphql_query/permissions: 34 read, 0 write  (369s)
  [50/61] graphql_query/root_col_perm: 1 read, 0 write  (372s)
  [51/61] graphql_validation: 0 read, 17 write  (380s)
  [52/61] subscriptions/basic: restore failed
  [53/61] unauthorized_role: 3 read, 0 write  (384s)
  [54/61] v1/computed_fields: 1 read, 0 write  (387s)
  [55/61] v1/metadata: 11 read, 11 write  (393s)
  [56/61] v1/run_sql: 2 read, 0 write  (396s)
  [57/61] v1/set_table_configuration: 11 read, 0 write  (400s)
  [58/61] v1/set_table_custom_fields: 5 read, 0 write  (403s)
  [59/61] v1/set_table_is_enum: 4 read, 0 write  (406s)
  [60/61] v1/set_table_is_enum/set_and_delayed_reload: 2 read, 0 write  (409s)
  [61/61] v1/track_table: restore failed
done: 464 requests, 2 groups unusable, 0 transport failures, 410s

==> Report

ALL  (464 cases)
   97.8%   454/464  #############################  HTTP status
   51.7%   240/464  ################               + same outcome (data vs errors)
   44.6%   207/464  #############                  + same data payload
   14.4%    67/464  ####                           full body, error text included

READS (query)  (269 cases)
   99.3%   267/269  ############################## HTTP status
   56.5%   152/269  #################              + same outcome (data vs errors)
   46.5%   125/269  ##############                 + same data payload
   21.6%    58/269  ######                         full body, error text included

WRITES (mutation)  (195 cases)
   95.9%   187/195  #############################  HTTP status
   45.1%    88/195  ##############                 + same outcome (data vs errors)
   42.1%    82/195  #############                  + same data payload
    4.6%     9/195  #                              full body, error text included

where the divergences are
  status differs          10
  outcome differs        224
  data differs            33

outcome pairs, worst first
  Hasura data         -> Postrust errors       132
  Hasura errors       -> Postrust data         82
  Hasura errors       -> Postrust unparseable  10

error codes Postrust does not produce
  access-denied                142
  validation-failed            21
  parse-failed                 9
  unexpected                   1
  constraint-violation         1
  bad-request                  1
  data-exception               1

agreement by group (same data payload), worst first
    0.0%    0/5                    graphql_introspection/descriptions
    0.0%    0/5                    graphql_query/aggregations
    0.0%    0/4                    graphql_mutation/custom_schema
    0.0%    0/4                    graphql_mutation/custom_schema/custom_table_name
    0.0%    0/4                    v1/set_table_is_enum
    0.0%    0/3                    graphql_introspection/disable_introspection
    0.0%    0/3                    unauthorized_role
    0.0%    0/2                    actions/introspection
    0.0%    0/2                    graphql_query/custom_schema
    0.0%    0/2                    v1/set_table_is_enum/set_and_delayed_reload
    0.0%    0/1                    actions/introspection/function_return_type
    0.0%    0/1                    graphql_introspection/custom_table_name
    0.0%    0/1                    graphql_introspection/nullable_object_relationship
    0.0%    0/1                    graphql_mutation/insert/nullprefixcolumn
    0.0%    0/1                    graphql_query/custom_schema/custom_table_name
   12.5%    1/8   ##               graphql_query/boolexp/postgis
   14.3%    1/7   ##               graphql_mutation/update/basic
   14.3%    1/7   ##               graphql_mutation/update/jsonb
   16.7%    2/12  ###              graphql_mutation/insert/basic
   17.6%    6/34  ###              graphql_query/permissions
   20.0%    1/5   ###              graphql_query/boolexp/raster
   21.4%    3/14  ###              graphql_query/order_by
   22.2%    2/9   ####             graphql_mutation/delete/permissions
   25.0%    1/4   ####             graphql_introspection
   30.0%    3/10  #####            graphql_query/boolexp/jsonb
   31.2%    5/16  #####            graphql_mutation/insert/nested
   33.3%    3/9   #####            graphql_mutation/insert/onconflict
   33.3%    1/3   #####            apollo_federation
   35.3%    6/17  ######           graphql_validation
   36.4%    4/11  ######           graphql_mutation/update/permissions
   38.5%    5/13  ######           graphql_mutation/insert/geojson
   40.0%    4/10  ######           graphql_query/agg_perm
   40.0%    4/10  ######           graphql_query/enums
   41.7%    5/12  #######          graphql_query/boolexp/ltree
   43.8%    7/16  #######          graphql_query/basic
   45.5%    5/11  #######          graphql_query/computed_fields
   50.0%    3/6   ########         graphql_mutation/enums
   50.0%    2/4   ########         graphql_mutation/delete/basic
   50.0%    2/4   ########         graphql_query/caching
   51.3%   20/39  ########         graphql_mutation/insert/permissions
   58.3%    7/12  #########        graphql_mutation/functions
   60.0%    3/5   ##########       v1/set_table_custom_fields
   65.4%   17/26  ##########       graphql_query/boolexp/basic
   66.7%    4/6   ###########      graphql_mutation/transactions
   72.7%    8/11  ############     v1/set_table_configuration
   75.0%    3/4   ############     graphql_mutation/insert/views
   75.0%    3/4   ############     graphql_query/functions/permissions
   75.0%    3/4   ############     graphql_query/offset
  100.0%   22/22  ################ v1/metadata
  100.0%   11/11  ################ graphql_query/boolexp/search
  100.0%    9/9   ################ graphql_query/computed_fields_row_permission_bypass
  100.0%    7/7   ################ graphql_query/order_by_nulls
  100.0%    5/5   ################ graphql_query/limits
  100.0%    2/2   ################ graphql_mutation/insert/constraints
  100.0%    2/2   ################ v1/run_sql
  100.0%    1/1   ################ compression
  100.0%    1/1   ################ graphql_mutation/delete/constraints
  100.0%    1/1   ################ graphql_query/root_col_perm
  100.0%    1/1   ################ v1/computed_fields

groups that never loaded (2) -- measuring nothing, not failing
  subscriptions/basic: restore failed
  v1/track_table: restore failed

per-case detail: /Users/bhanu/Documents/projects/postrust/scripts/hasura-conformance/.work/diff.json
