
==> Fetching the Hasura v2.50.1 test corpus

==> Starting the fixture database
WARNING: The requested image's platform (linux/amd64) does not match the detected host platform (linux/arm64/v8) and no specific platform was requested

==> Extracting cases from the corpus
472 cases in 61 groups (272 read, 200 write), 380 files
  skipped    7  needs add_collection_to_allowlist, create_query_collection
  skipped   13  needs add_inherited_role
  skipped    3  needs add_inherited_role, add_remote_schema
  skipped    2  needs add_inherited_role, create_action, set_custom_types
  skipped   72  needs add_remote_schema
  skipped    1  needs add_remote_schema, create_action, set_custom_types
  skipped    1  needs add_remote_schema, create_remote_relationship
  skipped    8  needs create_action, create_query_collection, set_custom_types
  skipped   45  needs create_action, set_custom_types
  skipped   26  no fixtures found

==> Converting each group's names
29 of 61 groups name something the schema does not carry

==> Reusing the recorded Hasura v2.50.1 responses

==> Replaying against Postrust (candidate)
NOTICE:  database "hge_conf" does not exist, skipping
NOTICE:  database "hge_conf_meta" does not exist, skipping
  [1/61] actions/introspection: 2 read, 0 write  (5s)
  [2/61] actions/introspection/function_return_type: 1 read, 0 write  (10s)
  [3/61] apollo_federation: 3 read, 0 write  (14s)
  [4/61] compression: 1 read, 0 write  (19s)
  [5/61] graphql_introspection: 4 read, 0 write  (23s)
  [6/61] graphql_introspection/custom_table_name: 1 read, 0 write  (29s)
  [7/61] graphql_introspection/descriptions: 5 read, 0 write  (33s)
  [8/61] graphql_introspection/disable_introspection: 3 read, 0 write  (39s)
  [9/61] graphql_introspection/nullable_object_relationship: 1 read, 0 write  (44s)
  [10/61] graphql_mutation/custom_schema: 0 read, 4 write  (54s)
  [11/61] graphql_mutation/custom_schema/custom_table_name: 0 read, 4 write  (64s)
  [12/61] graphql_mutation/delete/basic: 0 read, 4 write  (72s)
  [13/61] graphql_mutation/delete/constraints: 0 read, 1 write  (77s)
  [14/61] graphql_mutation/delete/permissions: 0 read, 9 write  (92s)
  [15/61] graphql_mutation/enums: 0 read, 6 write  (104s)
  [16/61] graphql_mutation/functions: 0 read, 12 write  (115s)
  [17/61] graphql_mutation/insert/basic: 0 read, 12 write  (136s)
  [18/61] graphql_mutation/insert/constraints: 0 read, 2 write  (143s)
  [19/61] graphql_mutation/insert/geojson: 0 read, 13 write  (167s)
  [20/61] graphql_mutation/insert/nested: 0 read, 16 write  (191s)
  [21/61] graphql_mutation/insert/nullprefixcolumn: 0 read, 1 write  (196s)
  [22/61] graphql_mutation/insert/onconflict: 0 read, 9 write  (205s)
  [23/61] graphql_mutation/insert/permissions: 0 read, 39 write  (252s)
  [24/61] graphql_mutation/insert/views: 0 read, 4 write  (262s)
  [25/61] graphql_mutation/transactions: 0 read, 6 write  (267s)
  [26/61] graphql_mutation/update/basic: 0 read, 8 write  (279s)
  [27/61] graphql_mutation/update/jsonb: 0 read, 7 write  (290s)
  [28/61] graphql_mutation/update/permissions: 0 read, 11 write  (305s)
  [29/61] graphql_query/agg_perm: 10 read, 0 write  (307s)
  [30/61] graphql_query/aggregations: 5 read, 0 write  (310s)
  [31/61] graphql_query/basic: 18 read, 1 write  (316s)
  [32/61] graphql_query/boolexp/basic: 26 read, 0 write  (320s)
  [33/61] graphql_query/boolexp/jsonb: 10 read, 0 write  (324s)
  [34/61] graphql_query/boolexp/ltree: 12 read, 0 write  (327s)
  [35/61] graphql_query/boolexp/postgis: 8 read, 0 write  (332s)
  [36/61] graphql_query/boolexp/raster: 5 read, 0 write  (335s)
  [37/61] graphql_query/boolexp/search: 11 read, 0 write  (338s)
  [38/61] graphql_query/caching: 4 read, 0 write  (341s)
  [39/61] graphql_query/computed_fields: 11 read, 0 write  (345s)
  [40/61] graphql_query/computed_fields_row_permission_bypass: 9 read, 0 write  (347s)
  [41/61] graphql_query/custom_schema: 2 read, 0 write  (351s)
  [42/61] graphql_query/custom_schema/custom_table_name: 1 read, 0 write  (356s)
  [43/61] graphql_query/enums: 10 read, 0 write  (360s)
  [44/61] graphql_query/functions/permissions: 4 read, 0 write  (363s)
  [45/61] graphql_query/limits: 5 read, 0 write  (368s)
  [46/61] graphql_query/offset: 4 read, 0 write  (371s)
  [47/61] graphql_query/order_by: 14 read, 0 write  (376s)
  [48/61] graphql_query/order_by_nulls: 7 read, 0 write  (379s)
  [49/61] graphql_query/permissions: 34 read, 0 write  (384s)
  [50/61] graphql_query/root_col_perm: 1 read, 0 write  (388s)
  [51/61] graphql_validation: 0 read, 17 write  (396s)
  [52/61] subscriptions/basic: restore failed
  [53/61] unauthorized_role: 3 read, 0 write  (400s)
  [54/61] v1/computed_fields: 1 read, 0 write  (403s)
  [55/61] v1/metadata: 11 read, 11 write  (410s)
  [56/61] v1/run_sql: 2 read, 0 write  (415s)
  [57/61] v1/set_table_configuration: 11 read, 0 write  (419s)
  [58/61] v1/set_table_custom_fields: 5 read, 0 write  (422s)
  [59/61] v1/set_table_is_enum: 4 read, 0 write  (426s)
  [60/61] v1/set_table_is_enum/set_and_delayed_reload: 2 read, 0 write  (429s)
  [61/61] v1/track_table: restore failed
done: 468 requests, 2 groups unusable, 0 transport failures, 430s

==> Report
Names converted from each group's own metadata and given to the candidate
(scripts/hasura-names.py). This measures a configured server, which is what
migrating involves -- not a bare one.


ALL  (468 cases)
   99.4%   465/468  ############################## HTTP status
   93.4%   437/468  ############################   + same outcome (data vs errors)
   78.8%   369/468  ########################       + same data payload
   56.6%   265/468  #################              full body, error text included

READS (query)  (271 cases)
  100.0%   271/271  ############################## HTTP status
   95.9%   260/271  #############################  + same outcome (data vs errors)
   74.5%   202/271  ######################         + same data payload
   56.8%   154/271  #################              full body, error text included

WRITES (mutation)  (197 cases)
   98.5%   194/197  ############################## HTTP status
   89.8%   177/197  ###########################    + same outcome (data vs errors)
   84.8%   167/197  #########################      + same data payload
   56.3%   111/197  #################              full body, error text included

what the third level is made of
   264  the same data came back
   105  both answered with errors -- agreement by mutual refusal
    26  Hasura refused and this answered, which is where the
        mutual-refusal cases go as this server gains fields

where the divergences are
  status differs           3
  outcome differs         31
  data differs            68

outcome pairs, worst first
  Hasura errors       -> Postrust data         26
  Hasura data         -> Postrust errors       5

error codes Postrust does not produce
  validation-failed            21
  permission-error             7
  not-found                    5
  parse-failed                 4
  bad-request                  2
  unexpected                   1
  not-supported                1
  data-exception               1

agreement by group (same data payload), worst first
    0.0%    0/4                    graphql_query/functions/permissions
    0.0%    0/4                    v1/set_table_is_enum
    0.0%    0/2                    actions/introspection
    0.0%    0/1                    actions/introspection/function_return_type
    0.0%    0/1                    graphql_introspection/custom_table_name
    0.0%    0/1                    graphql_introspection/nullable_object_relationship
    0.0%    0/1                    graphql_mutation/insert/nullprefixcolumn
    0.0%    0/1                    graphql_query/root_col_perm
   17.6%    6/34  ###              graphql_query/permissions
   25.0%    1/4   ####             graphql_introspection
   33.3%    3/9   #####            graphql_query/computed_fields_row_permission_bypass
   33.3%    1/3   #####            graphql_introspection/disable_introspection
   36.4%    4/11  ######           graphql_mutation/update/permissions
   50.0%    5/10  ########         graphql_query/agg_perm
   50.0%    2/4   ########         graphql_query/caching
   55.6%    5/9   #########        graphql_mutation/delete/permissions
   64.1%   25/39  ##########       graphql_mutation/insert/permissions
   66.7%    2/3   ###########      unauthorized_role
   72.7%    8/11  ############     graphql_query/computed_fields
   75.0%    9/12  ############     graphql_mutation/functions
   80.0%    8/10  #############    graphql_query/enums
   92.3%   24/26  ###############  graphql_query/boolexp/basic
   93.8%   15/16  ###############  graphql_mutation/insert/nested
   94.7%   18/19  ###############  graphql_query/basic
  100.0%   22/22  ################ v1/metadata
  100.0%   17/17  ################ graphql_validation
  100.0%   14/14  ################ graphql_query/order_by
  100.0%   13/13  ################ graphql_mutation/insert/geojson
  100.0%   12/12  ################ graphql_mutation/insert/basic
  100.0%   12/12  ################ graphql_query/boolexp/ltree
  100.0%   11/11  ################ graphql_query/boolexp/search
  100.0%   11/11  ################ v1/set_table_configuration
  100.0%   10/10  ################ graphql_query/boolexp/jsonb
  100.0%    9/9   ################ graphql_mutation/insert/onconflict
  100.0%    8/8   ################ graphql_mutation/update/basic
  100.0%    8/8   ################ graphql_query/boolexp/postgis
  100.0%    7/7   ################ graphql_mutation/update/jsonb
  100.0%    7/7   ################ graphql_query/order_by_nulls
  100.0%    6/6   ################ graphql_mutation/enums
  100.0%    6/6   ################ graphql_mutation/transactions
  100.0%    5/5   ################ graphql_introspection/descriptions
  100.0%    5/5   ################ graphql_query/aggregations
  100.0%    5/5   ################ graphql_query/boolexp/raster
  100.0%    5/5   ################ graphql_query/limits
  100.0%    5/5   ################ v1/set_table_custom_fields
  100.0%    4/4   ################ graphql_mutation/custom_schema
  100.0%    4/4   ################ graphql_mutation/custom_schema/custom_table_name
  100.0%    4/4   ################ graphql_mutation/delete/basic
  100.0%    4/4   ################ graphql_mutation/insert/views
  100.0%    4/4   ################ graphql_query/offset
  100.0%    3/3   ################ apollo_federation
  100.0%    2/2   ################ graphql_mutation/insert/constraints
  100.0%    2/2   ################ graphql_query/custom_schema
  100.0%    2/2   ################ v1/run_sql
  100.0%    2/2   ################ v1/set_table_is_enum/set_and_delayed_reload
  100.0%    1/1   ################ compression
  100.0%    1/1   ################ graphql_mutation/delete/constraints
  100.0%    1/1   ################ graphql_query/custom_schema/custom_table_name
  100.0%    1/1   ################ v1/computed_fields

groups that never loaded (2) -- measuring nothing, not failing
  subscriptions/basic: restore failed
  v1/track_table: restore failed

per-case detail: /Users/bhanu/Documents/projects/postrust/scripts/hasura-conformance/.work/diff.json
