
==> Fetching the Hasura v2.50.1 test corpus

==> Starting the fixture database
WARNING: The requested image's platform (linux/amd64) does not match the detected host platform (linux/arm64/v8) and no specific platform was requested

==> Extracting cases from the corpus
468 cases in 61 groups (270 read, 198 write), 376 files
  skipped    7  needs add_collection_to_allowlist, create_query_collection
  skipped   13  needs add_inherited_role
  skipped    3  needs add_inherited_role, add_remote_schema
  skipped    2  needs add_inherited_role, create_action, set_custom_types
  skipped   72  needs add_remote_schema
  skipped    1  needs add_remote_schema, create_action, set_custom_types
  skipped    1  needs add_remote_schema, create_remote_relationship
  skipped    8  needs create_action, create_query_collection, set_custom_types
  skipped   45  needs create_action, set_custom_types
  skipped   26  no fixtures found

==> Converting each group's names
24 of 61 groups name something the schema does not carry

==> Reusing the recorded Hasura v2.50.1 responses

==> Replaying against Postrust (candidate)
NOTICE:  database "hge_conf" does not exist, skipping
NOTICE:  database "hge_conf_meta" does not exist, skipping
  [1/61] actions/introspection: 2 read, 0 write  (5s)
  [2/61] actions/introspection/function_return_type: 1 read, 0 write  (9s)
  [3/61] apollo_federation: 3 read, 0 write  (13s)
  [4/61] compression: 1 read, 0 write  (17s)
  [5/61] graphql_introspection: 4 read, 0 write  (20s)
  [6/61] graphql_introspection/custom_table_name: 1 read, 0 write  (26s)
  [7/61] graphql_introspection/descriptions: 5 read, 0 write  (30s)
  [8/61] graphql_introspection/disable_introspection: 3 read, 0 write  (33s)
  [9/61] graphql_introspection/nullable_object_relationship: 1 read, 0 write  (36s)
  [10/61] graphql_mutation/custom_schema: 0 read, 4 write  (42s)
  [11/61] graphql_mutation/custom_schema/custom_table_name: 0 read, 4 write  (52s)
  [12/61] graphql_mutation/delete/basic: 0 read, 4 write  (58s)
  [13/61] graphql_mutation/delete/constraints: 0 read, 1 write  (62s)
  [14/61] graphql_mutation/delete/permissions: 0 read, 9 write  (76s)
  [15/61] graphql_mutation/enums: 0 read, 6 write  (86s)
  [16/61] graphql_mutation/functions: 0 read, 12 write  (94s)
  [17/61] graphql_mutation/insert/basic: 0 read, 12 write  (108s)
  [18/61] graphql_mutation/insert/constraints: 0 read, 2 write  (115s)
  [19/61] graphql_mutation/insert/geojson: 0 read, 13 write  (133s)
  [20/61] graphql_mutation/insert/nested: 0 read, 16 write  (153s)
  [21/61] graphql_mutation/insert/nullprefixcolumn: 0 read, 1 write  (158s)
  [22/61] graphql_mutation/insert/onconflict: 0 read, 9 write  (168s)
  [23/61] graphql_mutation/insert/permissions: 0 read, 39 write  (211s)
  [24/61] graphql_mutation/insert/views: 0 read, 4 write  (218s)
  [25/61] graphql_mutation/transactions: 0 read, 6 write  (222s)
  [26/61] graphql_mutation/update/basic: 0 read, 7 write  (233s)
  [27/61] graphql_mutation/update/jsonb: 0 read, 7 write  (242s)
  [28/61] graphql_mutation/update/permissions: 0 read, 11 write  (256s)
  [29/61] graphql_query/agg_perm: 10 read, 0 write  (260s)
  [30/61] graphql_query/aggregations: 5 read, 0 write  (264s)
  [31/61] graphql_query/basic: 16 read, 0 write  (268s)
  [32/61] graphql_query/boolexp/basic: 26 read, 0 write  (272s)
  [33/61] graphql_query/boolexp/jsonb: 10 read, 0 write  (274s)
  [34/61] graphql_query/boolexp/ltree: 12 read, 0 write  (279s)
  [35/61] graphql_query/boolexp/postgis: 8 read, 0 write  (284s)
  [36/61] graphql_query/boolexp/raster: 5 read, 0 write  (291s)
  [37/61] graphql_query/boolexp/search: 11 read, 0 write  (295s)
  [38/61] graphql_query/caching: 4 read, 0 write  (299s)
  [39/61] graphql_query/computed_fields: 11 read, 0 write  (303s)
  [40/61] graphql_query/computed_fields_row_permission_bypass: 9 read, 0 write  (307s)
  [41/61] graphql_query/custom_schema: 2 read, 0 write  (312s)
  [42/61] graphql_query/custom_schema/custom_table_name: 1 read, 0 write  (315s)
  [43/61] graphql_query/enums: 10 read, 0 write  (319s)
  [44/61] graphql_query/functions/permissions: 4 read, 0 write  (323s)
  [45/61] graphql_query/limits: 5 read, 0 write  (327s)
  [46/61] graphql_query/offset: 4 read, 0 write  (331s)
  [47/61] graphql_query/order_by: 14 read, 0 write  (334s)
  [48/61] graphql_query/order_by_nulls: 7 read, 0 write  (338s)
  [49/61] graphql_query/permissions: 34 read, 0 write  (342s)
  [50/61] graphql_query/root_col_perm: 1 read, 0 write  (346s)
  [51/61] graphql_validation: 0 read, 17 write  (355s)
  [52/61] subscriptions/basic: restore failed
  [53/61] unauthorized_role: 3 read, 0 write  (360s)
  [54/61] v1/computed_fields: 1 read, 0 write  (364s)
  [55/61] v1/metadata: 11 read, 11 write  (371s)
  [56/61] v1/run_sql: 2 read, 0 write  (375s)
  [57/61] v1/set_table_configuration: 11 read, 0 write  (378s)
  [58/61] v1/set_table_custom_fields: 5 read, 0 write  (382s)
  [59/61] v1/set_table_is_enum: 4 read, 0 write  (385s)
  [60/61] v1/set_table_is_enum/set_and_delayed_reload: 2 read, 0 write  (389s)
  [61/61] v1/track_table: restore failed
done: 464 requests, 2 groups unusable, 0 transport failures, 391s

==> Report
Names converted from each group's own metadata and given to the candidate
(scripts/hasura-names.py). This measures a configured server, which is what
migrating involves -- not a bare one.


ALL  (464 cases)
   65.5%   304/464  ####################           HTTP status
   47.4%   220/464  ##############                 + same outcome (data vs errors)
   39.2%   182/464  ############                   + same data payload
   25.2%   117/464  ########                       full body, error text included

READS (query)  (269 cases)
   69.9%   188/269  #####################          HTTP status
   52.8%   142/269  ################               + same outcome (data vs errors)
   43.5%   117/269  #############                  + same data payload
   31.2%    84/269  #########                      full body, error text included

WRITES (mutation)  (195 cases)
   59.5%   116/195  ##################             HTTP status
   40.0%    78/195  ############                   + same outcome (data vs errors)
   33.3%    65/195  ##########                     + same data payload
   16.9%    33/195  #####                          full body, error text included

where the divergences are
  status differs         160
  outcome differs        244
  data differs            38

outcome pairs, worst first
  Hasura errors       -> Postrust unparseable  128
  Hasura data         -> Postrust errors       45
  Hasura errors       -> Postrust data         39
  Hasura data         -> Postrust unparseable  32

error codes Postrust does not produce
  access-denied                142
  validation-failed            40
  parse-failed                 9
  unexpected                   1
  constraint-violation         1
  bad-request                  1
  data-exception               1

agreement by group (same data payload), worst first
    0.0%    0/39                   graphql_mutation/insert/permissions
    0.0%    0/34                   graphql_query/permissions
    0.0%    0/22                   v1/metadata
    0.0%    0/16                   graphql_mutation/insert/nested
    0.0%    0/14                   graphql_query/order_by
    0.0%    0/11                   graphql_mutation/update/permissions
    0.0%    0/11                   graphql_query/computed_fields
    0.0%    0/9                    graphql_query/computed_fields_row_permission_bypass
    0.0%    0/5                    graphql_query/aggregations
    0.0%    0/4                    graphql_mutation/custom_schema
    0.0%    0/4                    graphql_query/functions/permissions
    0.0%    0/4                    v1/set_table_is_enum
    0.0%    0/3                    graphql_introspection/disable_introspection
    0.0%    0/3                    unauthorized_role
    0.0%    0/2                    actions/introspection
    0.0%    0/2                    graphql_query/custom_schema
    0.0%    0/1                    actions/introspection/function_return_type
    0.0%    0/1                    graphql_introspection/custom_table_name
    0.0%    0/1                    graphql_introspection/nullable_object_relationship
    0.0%    0/1                    graphql_mutation/insert/nullprefixcolumn
    0.0%    0/1                    graphql_query/root_col_perm
    0.0%    0/1                    v1/computed_fields
   20.0%    1/5   ###              graphql_introspection/descriptions
   22.2%    2/9   ####             graphql_mutation/delete/permissions
   25.0%    1/4   ####             graphql_introspection
   30.0%    3/10  #####            graphql_query/agg_perm
   30.8%    4/13  #####            graphql_mutation/insert/geojson
   33.3%    1/3   #####            apollo_federation
   41.2%    7/17  #######          graphql_validation
   50.0%    5/10  ########         graphql_query/boolexp/jsonb
   50.0%    2/4   ########         graphql_mutation/delete/basic
   50.0%    2/4   ########         graphql_query/caching
   56.2%    9/16  #########        graphql_query/basic
   57.1%    4/7   #########        graphql_mutation/update/basic
   57.1%    4/7   #########        graphql_mutation/update/jsonb
   58.3%    7/12  #########        graphql_mutation/functions
   60.0%    6/10  ##########       graphql_query/enums
   66.7%    4/6   ###########      graphql_mutation/transactions
   75.0%    9/12  ############     graphql_mutation/insert/basic
   75.0%    6/8   ############     graphql_query/boolexp/postgis
   75.0%    3/4   ############     graphql_mutation/custom_schema/custom_table_name
   75.0%    3/4   ############     graphql_query/offset
   76.9%   20/26  ############     graphql_query/boolexp/basic
   77.8%    7/9   ############     graphql_mutation/insert/onconflict
   80.0%    4/5   #############    v1/set_table_custom_fields
   83.3%    5/6   #############    graphql_mutation/enums
   90.9%   10/11  ###############  v1/set_table_configuration
  100.0%   12/12  ################ graphql_query/boolexp/ltree
  100.0%   11/11  ################ graphql_query/boolexp/search
  100.0%    7/7   ################ graphql_query/order_by_nulls
  100.0%    5/5   ################ graphql_query/boolexp/raster
  100.0%    5/5   ################ graphql_query/limits
  100.0%    4/4   ################ graphql_mutation/insert/views
  100.0%    2/2   ################ graphql_mutation/insert/constraints
  100.0%    2/2   ################ v1/run_sql
  100.0%    2/2   ################ v1/set_table_is_enum/set_and_delayed_reload
  100.0%    1/1   ################ compression
  100.0%    1/1   ################ graphql_mutation/delete/constraints
  100.0%    1/1   ################ graphql_query/custom_schema/custom_table_name

groups that never loaded (2) -- measuring nothing, not failing
  subscriptions/basic: restore failed
  v1/track_table: restore failed

per-case detail: /Users/bhanu/Documents/projects/postrust/scripts/hasura-conformance/.work/diff.json
