
==> Fetching the Hasura v2.50.1 test corpus

==> Starting the fixture database
WARNING: The requested image's platform (linux/amd64) does not match the detected host platform (linux/arm64/v8) and no specific platform was requested

==> Extracting cases from the corpus
472 cases in 61 groups (272 read, 200 write), 380 files
  skipped    7  needs add_collection_to_allowlist, create_query_collection
  skipped   13  needs add_inherited_role
  skipped    3  needs add_inherited_role, add_remote_schema
  skipped    2  needs add_inherited_role, create_action, set_custom_types
  skipped   72  needs add_remote_schema
  skipped    1  needs add_remote_schema, create_action, set_custom_types
  skipped    1  needs add_remote_schema, create_remote_relationship
  skipped    8  needs create_action, create_query_collection, set_custom_types
  skipped   45  needs create_action, set_custom_types
  skipped   26  no fixtures found

==> Converting each group's names and permissions
36 of 61 groups name something the schema does not carry

==> Reusing the recorded Hasura v2.50.1 responses

==> Replaying against Postrust (candidate)
NOTICE:  database "hge_conf" does not exist, skipping
NOTICE:  database "hge_conf_meta" does not exist, skipping
  [1/61] actions/introspection: 2 read, 0 write  (4s)
  [2/61] actions/introspection/function_return_type: 1 read, 0 write  (8s)
  [3/61] apollo_federation: 3 read, 0 write  (13s)
  [4/61] compression: 1 read, 0 write  (17s)
  [5/61] graphql_introspection: 4 read, 0 write  (22s)
  [6/61] graphql_introspection/custom_table_name: 1 read, 0 write  (26s)
  [7/61] graphql_introspection/descriptions: 5 read, 0 write  (31s)
  [8/61] graphql_introspection/disable_introspection: 3 read, 0 write  (34s)
  [9/61] graphql_introspection/nullable_object_relationship: 1 read, 0 write  (39s)
  [10/61] graphql_mutation/custom_schema: 0 read, 4 write  (49s)
  [11/61] graphql_mutation/custom_schema/custom_table_name: 0 read, 4 write  (58s)
  [12/61] graphql_mutation/delete/basic: 0 read, 4 write  (68s)
  [13/61] graphql_mutation/delete/constraints: 0 read, 1 write  (72s)
  [14/61] graphql_mutation/delete/permissions: 0 read, 9 write  (86s)
  [15/61] graphql_mutation/enums: 0 read, 6 write  (96s)
  [16/61] graphql_mutation/functions: 0 read, 12 write  (106s)
  [17/61] graphql_mutation/insert/basic: 0 read, 12 write  (120s)
  [18/61] graphql_mutation/insert/constraints: 0 read, 2 write  (125s)
  [19/61] graphql_mutation/insert/geojson: 0 read, 13 write  (142s)
  [20/61] graphql_mutation/insert/nested: 0 read, 16 write  (170s)
  [21/61] graphql_mutation/insert/nullprefixcolumn: 0 read, 1 write  (174s)
  [22/61] graphql_mutation/insert/onconflict: 0 read, 9 write  (189s)
  [23/61] graphql_mutation/insert/permissions: 0 read, 39 write  (234s)
  [24/61] graphql_mutation/insert/views: 0 read, 4 write  (241s)
  [25/61] graphql_mutation/transactions: 0 read, 6 write  (246s)
  [26/61] graphql_mutation/update/basic: 0 read, 8 write  (259s)
  [27/61] graphql_mutation/update/jsonb: 0 read, 7 write  (270s)
  [28/61] graphql_mutation/update/permissions: 0 read, 11 write  (283s)
  [29/61] graphql_query/agg_perm: 10 read, 0 write  (285s)
  [30/61] graphql_query/aggregations: 5 read, 0 write  (288s)
  [31/61] graphql_query/basic: 18 read, 1 write  (296s)
  [32/61] graphql_query/boolexp/basic: 26 read, 0 write  (301s)
  [33/61] graphql_query/boolexp/jsonb: 10 read, 0 write  (306s)
  [34/61] graphql_query/boolexp/ltree: 12 read, 0 write  (310s)
  [35/61] graphql_query/boolexp/postgis: 8 read, 0 write  (317s)
  [36/61] graphql_query/boolexp/raster: 5 read, 0 write  (322s)
  [37/61] graphql_query/boolexp/search: 11 read, 0 write  (327s)
  [38/61] graphql_query/caching: 4 read, 0 write  (331s)
  [39/61] graphql_query/computed_fields: 11 read, 0 write  (336s)
  [40/61] graphql_query/computed_fields_row_permission_bypass: 9 read, 0 write  (340s)
  [41/61] graphql_query/custom_schema: 2 read, 0 write  (343s)
  [42/61] graphql_query/custom_schema/custom_table_name: 1 read, 0 write  (348s)
  [43/61] graphql_query/enums: 10 read, 0 write  (351s)
  [44/61] graphql_query/functions/permissions: 4 read, 0 write  (354s)
  [45/61] graphql_query/limits: 5 read, 0 write  (358s)
  [46/61] graphql_query/offset: 4 read, 0 write  (361s)
  [47/61] graphql_query/order_by: 14 read, 0 write  (365s)
  [48/61] graphql_query/order_by_nulls: 7 read, 0 write  (368s)
  [49/61] graphql_query/permissions: 34 read, 0 write  (371s)
  [50/61] graphql_query/root_col_perm: 1 read, 0 write  (374s)
  [51/61] graphql_validation: 0 read, 17 write  (381s)
  [52/61] subscriptions/basic: restore failed
  [53/61] unauthorized_role: 3 read, 0 write  (385s)
  [54/61] v1/computed_fields: 1 read, 0 write  (389s)
  [55/61] v1/metadata: 11 read, 11 write  (393s)
  [56/61] v1/run_sql: 2 read, 0 write  (396s)
  [57/61] v1/set_table_configuration: 11 read, 0 write  (399s)
  [58/61] v1/set_table_custom_fields: 5 read, 0 write  (403s)
  [59/61] v1/set_table_is_enum: 4 read, 0 write  (407s)
  [60/61] v1/set_table_is_enum/set_and_delayed_reload: 2 read, 0 write  (410s)
  [61/61] v1/track_table: restore failed
done: 468 requests, 2 groups unusable, 0 transport failures, 411s

==> Report
Names converted from each group's own metadata and given to the candidate
(scripts/hasura-names.py). This measures a configured server, which is what
migrating involves -- not a bare one.


ALL  (468 cases)
   99.8%   467/468  ############################## HTTP status
   90.6%   424/468  ###########################    + same outcome (data vs errors)
   86.1%   403/468  ##########################     + same data payload
   59.6%   279/468  ##################             full body, error text included

READS (query)  (271 cases)
  100.0%   271/271  ############################## HTTP status
   93.0%   252/271  ############################   + same outcome (data vs errors)
   86.0%   233/271  ##########################     + same data payload
   66.4%   180/271  ####################           full body, error text included

WRITES (mutation)  (197 cases)
   99.5%   196/197  ############################## HTTP status
   87.3%   172/197  ##########################     + same outcome (data vs errors)
   86.3%   170/197  ##########################     + same data payload
   50.3%    99/197  ###############                full body, error text included

what the third level is made of
   274  the same data came back
   129  both answered with errors -- agreement by mutual refusal
     2  Hasura refused and this answered, which is where the
        mutual-refusal cases go as this server gains fields

where the divergences are
  status differs           1
  outcome differs         44
  data differs            21

outcome pairs, worst first
  Hasura data         -> Postrust errors       42
  Hasura errors       -> Postrust data         2

error codes Postrust does not produce
  validation-failed            18
  parse-failed                 4
  permission-error             4
  bad-request                  2
  not-found                    1
  unexpected                   1
  not-supported                1
  data-exception               1

agreement by group (same data payload), worst first
    0.0%    0/4                    v1/set_table_is_enum
    0.0%    0/2                    actions/introspection
    0.0%    0/1                    actions/introspection/function_return_type
    0.0%    0/1                    graphql_introspection/custom_table_name
    0.0%    0/1                    graphql_introspection/nullable_object_relationship
    0.0%    0/1                    graphql_mutation/insert/nullprefixcolumn
    0.0%    0/1                    graphql_query/root_col_perm
   18.2%    2/11  ###              graphql_mutation/update/permissions
   25.0%    1/4   ####             graphql_introspection
   33.3%    1/3   #####            graphql_introspection/disable_introspection
   50.0%    2/4   ########         graphql_query/caching
   50.0%    2/4   ########         graphql_query/functions/permissions
   60.0%    6/10  ##########       graphql_query/agg_perm
   66.7%   26/39  ###########      graphql_mutation/insert/permissions
   70.0%    7/10  ###########      graphql_query/enums
   76.5%   26/34  ############     graphql_query/permissions
   77.8%    7/9   ############     graphql_mutation/delete/permissions
   90.9%   10/11  ###############  graphql_query/computed_fields
   91.7%   11/12  ###############  graphql_mutation/functions
   92.3%   24/26  ###############  graphql_query/boolexp/basic
   93.8%   15/16  ###############  graphql_mutation/insert/nested
   94.7%   18/19  ###############  graphql_query/basic
  100.0%   22/22  ################ v1/metadata
  100.0%   17/17  ################ graphql_validation
  100.0%   14/14  ################ graphql_query/order_by
  100.0%   13/13  ################ graphql_mutation/insert/geojson
  100.0%   12/12  ################ graphql_mutation/insert/basic
  100.0%   12/12  ################ graphql_query/boolexp/ltree
  100.0%   11/11  ################ graphql_query/boolexp/search
  100.0%   11/11  ################ v1/set_table_configuration
  100.0%   10/10  ################ graphql_query/boolexp/jsonb
  100.0%    9/9   ################ graphql_mutation/insert/onconflict
  100.0%    9/9   ################ graphql_query/computed_fields_row_permission_bypass
  100.0%    8/8   ################ graphql_mutation/update/basic
  100.0%    8/8   ################ graphql_query/boolexp/postgis
  100.0%    7/7   ################ graphql_mutation/update/jsonb
  100.0%    7/7   ################ graphql_query/order_by_nulls
  100.0%    6/6   ################ graphql_mutation/enums
  100.0%    6/6   ################ graphql_mutation/transactions
  100.0%    5/5   ################ graphql_introspection/descriptions
  100.0%    5/5   ################ graphql_query/aggregations
  100.0%    5/5   ################ graphql_query/boolexp/raster
  100.0%    5/5   ################ graphql_query/limits
  100.0%    5/5   ################ v1/set_table_custom_fields
  100.0%    4/4   ################ graphql_mutation/custom_schema
  100.0%    4/4   ################ graphql_mutation/custom_schema/custom_table_name
  100.0%    4/4   ################ graphql_mutation/delete/basic
  100.0%    4/4   ################ graphql_mutation/insert/views
  100.0%    4/4   ################ graphql_query/offset
  100.0%    3/3   ################ apollo_federation
  100.0%    3/3   ################ unauthorized_role
  100.0%    2/2   ################ graphql_mutation/insert/constraints
  100.0%    2/2   ################ graphql_query/custom_schema
  100.0%    2/2   ################ v1/run_sql
  100.0%    2/2   ################ v1/set_table_is_enum/set_and_delayed_reload
  100.0%    1/1   ################ compression
  100.0%    1/1   ################ graphql_mutation/delete/constraints
  100.0%    1/1   ################ graphql_query/custom_schema/custom_table_name
  100.0%    1/1   ################ v1/computed_fields

groups that never loaded (2) -- measuring nothing, not failing
  subscriptions/basic: restore failed
  v1/track_table: restore failed

per-case detail: /Users/bhanu/Documents/projects/postrust/scripts/hasura-conformance/.work/diff.json
