
==> Fetching the Hasura v2.50.1 test corpus

==> Starting the fixture database
WARNING: The requested image's platform (linux/amd64) does not match the detected host platform (linux/arm64/v8) and no specific platform was requested

==> Extracting cases from the corpus
472 cases in 61 groups (272 read, 200 write), 380 files
  skipped    7  needs add_collection_to_allowlist, create_query_collection
  skipped   13  needs add_inherited_role
  skipped    3  needs add_inherited_role, add_remote_schema
  skipped    2  needs add_inherited_role, create_action, set_custom_types
  skipped   72  needs add_remote_schema
  skipped    1  needs add_remote_schema, create_action, set_custom_types
  skipped    1  needs add_remote_schema, create_remote_relationship
  skipped    8  needs create_action, create_query_collection, set_custom_types
  skipped   45  needs create_action, set_custom_types
  skipped   26  no fixtures found

==> Converting each group's names
29 of 61 groups name something the schema does not carry

==> Replaying against Hasura v2.50.1 (reference)
NOTICE:  database "hge_conf" does not exist, skipping
NOTICE:  database "hge_conf_meta" does not exist, skipping
  [1/61] actions/introspection: 2 read, 0 write  (8s)
  [2/61] actions/introspection/function_return_type: 1 read, 0 write  (15s)
  [3/61] apollo_federation: 3 read, 0 write  (23s)
  [4/61] compression: 1 read, 0 write  (29s)
  [5/61] graphql_introspection: 4 read, 0 write  (37s)
  [6/61] graphql_introspection/custom_table_name: 1 read, 0 write  (44s)
  [7/61] graphql_introspection/descriptions: 5 read, 0 write  (50s)
  [8/61] graphql_introspection/disable_introspection: 3 read, 0 write  (53s)
  [9/61] graphql_introspection/nullable_object_relationship: 1 read, 0 write  (58s)
  [10/61] graphql_mutation/custom_schema: 0 read, 4 write  (67s)
  [11/61] graphql_mutation/custom_schema/custom_table_name: 0 read, 4 write  (74s)
  [12/61] graphql_mutation/delete/basic: 0 read, 4 write  (85s)
  [13/61] graphql_mutation/delete/constraints: 0 read, 1 write  (93s)
  [14/61] graphql_mutation/delete/permissions: 0 read, 9 write  (111s)
  [15/61] graphql_mutation/enums: 0 read, 6 write  (123s)
  [16/61] graphql_mutation/functions: 0 read, 12 write  (134s)
  [17/61] graphql_mutation/insert/basic: 0 read, 12 write  (152s)
  [18/61] graphql_mutation/insert/constraints: 0 read, 2 write  (158s)
  [19/61] graphql_mutation/insert/geojson: 0 read, 13 write  (181s)
  [20/61] graphql_mutation/insert/nested: 0 read, 16 write  (204s)
  [21/61] graphql_mutation/insert/nullprefixcolumn: 0 read, 1 write  (207s)
  [22/61] graphql_mutation/insert/onconflict: 0 read, 9 write  (223s)
  [23/61] graphql_mutation/insert/permissions: 0 read, 39 write  (280s)
  [24/61] graphql_mutation/insert/views: 0 read, 4 write  (290s)
  [25/61] graphql_mutation/transactions: 0 read, 6 write  (297s)
  [26/61] graphql_mutation/update/basic: 0 read, 8 write  (313s)
  [27/61] graphql_mutation/update/jsonb: 0 read, 7 write  (326s)
  [28/61] graphql_mutation/update/permissions: 0 read, 11 write  (344s)
  [29/61] graphql_query/agg_perm: 10 read, 0 write  (349s)
  [30/61] graphql_query/aggregations: 5 read, 0 write  (354s)
  [31/61] graphql_query/basic: 18 read, 1 write  (360s)
  [32/61] graphql_query/boolexp/basic: 26 read, 0 write  (366s)
  [33/61] graphql_query/boolexp/jsonb: 10 read, 0 write  (370s)
  [34/61] graphql_query/boolexp/ltree: 12 read, 0 write  (374s)
  [35/61] graphql_query/boolexp/postgis: 8 read, 0 write  (380s)
  [36/61] graphql_query/boolexp/raster: 5 read, 0 write  (386s)
  [37/61] graphql_query/boolexp/search: 11 read, 0 write  (389s)
  [38/61] graphql_query/caching: 4 read, 0 write  (393s)
  [39/61] graphql_query/computed_fields: 11 read, 0 write  (398s)
  [40/61] graphql_query/computed_fields_row_permission_bypass: 9 read, 0 write  (404s)
  [41/61] graphql_query/custom_schema: 2 read, 0 write  (409s)
  [42/61] graphql_query/custom_schema/custom_table_name: 1 read, 0 write  (414s)
  [43/61] graphql_query/enums: 10 read, 0 write  (419s)
  [44/61] graphql_query/functions/permissions: 4 read, 0 write  (425s)
  [45/61] graphql_query/limits: 5 read, 0 write  (431s)
  [46/61] graphql_query/offset: 4 read, 0 write  (435s)
  [47/61] graphql_query/order_by: 14 read, 0 write  (440s)
  [48/61] graphql_query/order_by_nulls: 7 read, 0 write  (443s)
  [49/61] graphql_query/permissions: 34 read, 0 write  (457s)
  [50/61] graphql_query/root_col_perm: 1 read, 0 write  (461s)
  [51/61] graphql_validation: 0 read, 17 write  (469s)
  [52/61] subscriptions/basic: setup failed -- subscriptions/basic/setup.yaml [run_sql]: 400 {"error":"query execution failed","path":"$.args","code":"postgres-error","internal":{"arguments":[],"error":{"description":null,"exec_status":"FatalError","hint":null,"message":"schema \"hge_tests\" does not exist","status_code":"3F000"},"prepared":false,"statement":"create table hge_tests.test_t1(
  [53/61] unauthorized_role: 3 read, 0 write  (472s)
  [54/61] v1/computed_fields: 1 read, 0 write  (476s)
  [55/61] v1/metadata: 11 read, 11 write  (481s)
  [56/61] v1/run_sql: 2 read, 0 write  (487s)
  [57/61] v1/set_table_configuration: 11 read, 0 write  (490s)
  [58/61] v1/set_table_custom_fields: 5 read, 0 write  (493s)
  [59/61] v1/set_table_is_enum: 4 read, 0 write  (496s)
  [60/61] v1/set_table_is_enum/set_and_delayed_reload: 2 read, 0 write  (499s)
  [61/61] v1/track_table: setup failed -- v1/track_table/setup.yaml [run_sql]: 400 {"error":"query execution failed","path":"$.args","code":"postgres-error","internal":{"arguments":[],"error":{"description":null,"exec_status":"FatalError","hint":null,"message":"schema \"hge_tests\" does not exist","status_code":"3F000"},"prepared":false,"statement":"CREATE TABLE author (\n    id S
done: 468 requests, 2 groups unusable, 0 transport failures, 499s

==> Replaying against Postrust (candidate)
  [1/61] actions/introspection: 2 read, 0 write  (4s)
  [2/61] actions/introspection/function_return_type: 1 read, 0 write  (8s)
  [3/61] apollo_federation: 3 read, 0 write  (12s)
  [4/61] compression: 1 read, 0 write  (15s)
  [5/61] graphql_introspection: 4 read, 0 write  (19s)
  [6/61] graphql_introspection/custom_table_name: 1 read, 0 write  (23s)
  [7/61] graphql_introspection/descriptions: 5 read, 0 write  (26s)
  [8/61] graphql_introspection/disable_introspection: 3 read, 0 write  (31s)
  [9/61] graphql_introspection/nullable_object_relationship: 1 read, 0 write  (35s)
  [10/61] graphql_mutation/custom_schema: 0 read, 4 write  (44s)
  [11/61] graphql_mutation/custom_schema/custom_table_name: 0 read, 4 write  (55s)
  [12/61] graphql_mutation/delete/basic: 0 read, 4 write  (64s)
  [13/61] graphql_mutation/delete/constraints: 0 read, 1 write  (67s)
  [14/61] graphql_mutation/delete/permissions: 0 read, 9 write  (81s)
  [15/61] graphql_mutation/enums: 0 read, 6 write  (93s)
  [16/61] graphql_mutation/functions: 0 read, 12 write  (101s)
  [17/61] graphql_mutation/insert/basic: 0 read, 12 write  (114s)
  [18/61] graphql_mutation/insert/constraints: 0 read, 2 write  (118s)
  [19/61] graphql_mutation/insert/geojson: 0 read, 13 write  (134s)
  [20/61] graphql_mutation/insert/nested: 0 read, 16 write  (154s)
  [21/61] graphql_mutation/insert/nullprefixcolumn: 0 read, 1 write  (158s)
  [22/61] graphql_mutation/insert/onconflict: 0 read, 9 write  (170s)
  [23/61] graphql_mutation/insert/permissions: 0 read, 39 write  (214s)
  [24/61] graphql_mutation/insert/views: 0 read, 4 write  (222s)
  [25/61] graphql_mutation/transactions: 0 read, 6 write  (227s)
  [26/61] graphql_mutation/update/basic: 0 read, 8 write  (240s)
  [27/61] graphql_mutation/update/jsonb: 0 read, 7 write  (254s)
  [28/61] graphql_mutation/update/permissions: 0 read, 11 write  (267s)
  [29/61] graphql_query/agg_perm: 10 read, 0 write  (271s)
  [30/61] graphql_query/aggregations: 5 read, 0 write  (274s)
  [31/61] graphql_query/basic: 18 read, 1 write  (277s)
  [32/61] graphql_query/boolexp/basic: 26 read, 0 write  (280s)
  [33/61] graphql_query/boolexp/jsonb: 10 read, 0 write  (284s)
  [34/61] graphql_query/boolexp/ltree: 12 read, 0 write  (288s)
  [35/61] graphql_query/boolexp/postgis: 8 read, 0 write  (293s)
  [36/61] graphql_query/boolexp/raster: 5 read, 0 write  (296s)
  [37/61] graphql_query/boolexp/search: 11 read, 0 write  (300s)
  [38/61] graphql_query/caching: 4 read, 0 write  (303s)
  [39/61] graphql_query/computed_fields: 11 read, 0 write  (307s)
  [40/61] graphql_query/computed_fields_row_permission_bypass: 9 read, 0 write  (313s)
  [41/61] graphql_query/custom_schema: 2 read, 0 write  (317s)
  [42/61] graphql_query/custom_schema/custom_table_name: 1 read, 0 write  (321s)
  [43/61] graphql_query/enums: 10 read, 0 write  (325s)
  [44/61] graphql_query/functions/permissions: 4 read, 0 write  (328s)
  [45/61] graphql_query/limits: 5 read, 0 write  (332s)
  [46/61] graphql_query/offset: 4 read, 0 write  (336s)
  [47/61] graphql_query/order_by: 14 read, 0 write  (341s)
  [48/61] graphql_query/order_by_nulls: 7 read, 0 write  (345s)
  [49/61] graphql_query/permissions: 34 read, 0 write  (350s)
  [50/61] graphql_query/root_col_perm: 1 read, 0 write  (354s)
  [51/61] graphql_validation: 0 read, 17 write  (364s)
  [52/61] subscriptions/basic: restore failed
  [53/61] unauthorized_role: 3 read, 0 write  (370s)
  [54/61] v1/computed_fields: 1 read, 0 write  (374s)
  [55/61] v1/metadata: 11 read, 11 write  (380s)
  [56/61] v1/run_sql: 2 read, 0 write  (384s)
  [57/61] v1/set_table_configuration: 11 read, 0 write  (387s)
  [58/61] v1/set_table_custom_fields: 5 read, 0 write  (392s)
  [59/61] v1/set_table_is_enum: 4 read, 0 write  (394s)
  [60/61] v1/set_table_is_enum/set_and_delayed_reload: 2 read, 0 write  (399s)
  [61/61] v1/track_table: restore failed
done: 468 requests, 2 groups unusable, 0 transport failures, 400s

==> Report
Names converted from each group's own metadata and given to the candidate
(scripts/hasura-names.py). This measures a configured server, which is what
migrating involves -- not a bare one.


ALL  (468 cases)
   97.9%   458/468  #############################  HTTP status
   91.5%   428/468  ###########################    + same outcome (data vs errors)
   76.5%   358/468  #######################        + same data payload
   54.3%   254/468  ################               full body, error text included

READS (query)  (271 cases)
   99.3%   269/271  ############################## HTTP status
   94.8%   257/271  ############################   + same outcome (data vs errors)
   73.1%   198/271  ######################         + same data payload
   55.4%   150/271  #################              full body, error text included

WRITES (mutation)  (197 cases)
   95.9%   189/197  #############################  HTTP status
   86.8%   171/197  ##########################     + same outcome (data vs errors)
   81.2%   160/197  ########################       + same data payload
   52.8%   104/197  ################               full body, error text included

what the third level is made of
   253  the same data came back
   105  both answered with errors -- agreement by mutual refusal
    23  Hasura refused and this answered, which is where the
        mutual-refusal cases go as this server gains fields

where the divergences are
  status differs          10
  outcome differs         40
  data differs            70

outcome pairs, worst first
  Hasura errors       -> Postrust data         23
  Hasura data         -> Postrust unparseable  7
  Hasura data         -> Postrust errors       7
  Hasura errors       -> Postrust unparseable  3

error codes Postrust does not produce
  validation-failed            21
  permission-error             7
  not-found                    5
  parse-failed                 4
  bad-request                  2
  unexpected                   1
  not-supported                1
  data-exception               1

agreement by group (same data payload), worst first
    0.0%    0/4                    graphql_query/functions/permissions
    0.0%    0/4                    v1/set_table_is_enum
    0.0%    0/2                    actions/introspection
    0.0%    0/1                    actions/introspection/function_return_type
    0.0%    0/1                    graphql_introspection/custom_table_name
    0.0%    0/1                    graphql_introspection/nullable_object_relationship
    0.0%    0/1                    graphql_mutation/insert/nullprefixcolumn
    0.0%    0/1                    graphql_query/root_col_perm
   14.7%    5/34  ##               graphql_query/permissions
   25.0%    1/4   ####             graphql_introspection
   33.3%    3/9   #####            graphql_query/computed_fields_row_permission_bypass
   33.3%    1/3   #####            graphql_introspection/disable_introspection
   36.4%    4/11  ######           graphql_mutation/update/permissions
   44.4%    4/9   #######          graphql_mutation/delete/permissions
   50.0%    5/10  ########         graphql_query/agg_perm
   50.0%    2/4   ########         graphql_query/caching
   56.4%   22/39  #########        graphql_mutation/insert/permissions
   58.3%    7/12  #########        graphql_mutation/functions
   63.6%    7/11  ##########       graphql_query/computed_fields
   66.7%    2/3   ###########      unauthorized_role
   80.0%    8/10  #############    graphql_query/enums
   87.5%    7/8   ##############   graphql_mutation/update/basic
   89.5%   17/19  ##############   graphql_query/basic
   92.3%   24/26  ###############  graphql_query/boolexp/basic
   92.9%   13/14  ###############  graphql_query/order_by
   93.8%   15/16  ###############  graphql_mutation/insert/nested
  100.0%   22/22  ################ v1/metadata
  100.0%   17/17  ################ graphql_validation
  100.0%   13/13  ################ graphql_mutation/insert/geojson
  100.0%   12/12  ################ graphql_mutation/insert/basic
  100.0%   12/12  ################ graphql_query/boolexp/ltree
  100.0%   11/11  ################ graphql_query/boolexp/search
  100.0%   11/11  ################ v1/set_table_configuration
  100.0%   10/10  ################ graphql_query/boolexp/jsonb
  100.0%    9/9   ################ graphql_mutation/insert/onconflict
  100.0%    8/8   ################ graphql_query/boolexp/postgis
  100.0%    7/7   ################ graphql_mutation/update/jsonb
  100.0%    7/7   ################ graphql_query/order_by_nulls
  100.0%    6/6   ################ graphql_mutation/enums
  100.0%    6/6   ################ graphql_mutation/transactions
  100.0%    5/5   ################ graphql_introspection/descriptions
  100.0%    5/5   ################ graphql_query/aggregations
  100.0%    5/5   ################ graphql_query/boolexp/raster
  100.0%    5/5   ################ graphql_query/limits
  100.0%    5/5   ################ v1/set_table_custom_fields
  100.0%    4/4   ################ graphql_mutation/custom_schema
  100.0%    4/4   ################ graphql_mutation/custom_schema/custom_table_name
  100.0%    4/4   ################ graphql_mutation/delete/basic
  100.0%    4/4   ################ graphql_mutation/insert/views
  100.0%    4/4   ################ graphql_query/offset
  100.0%    3/3   ################ apollo_federation
  100.0%    2/2   ################ graphql_mutation/insert/constraints
  100.0%    2/2   ################ graphql_query/custom_schema
  100.0%    2/2   ################ v1/run_sql
  100.0%    2/2   ################ v1/set_table_is_enum/set_and_delayed_reload
  100.0%    1/1   ################ compression
  100.0%    1/1   ################ graphql_mutation/delete/constraints
  100.0%    1/1   ################ graphql_query/custom_schema/custom_table_name
  100.0%    1/1   ################ v1/computed_fields

groups that never loaded (2) -- measuring nothing, not failing
  subscriptions/basic: restore failed
  v1/track_table: restore failed

per-case detail: /Users/bhanu/Documents/projects/postrust/scripts/hasura-conformance/.work/diff.json
